------------------------------------------------------------
TimeQuest Timing Analyzer Summary
------------------------------------------------------------

Type  : Slow 1100mV 85C Model Setup 'clk'
Slack : -11.403
TNS   : -112694.818

Type  : Slow 1100mV 85C Model Hold 'clk'
Slack : 0.481
TNS   : 0.000

Type  : Slow 1100mV 85C Model Recovery 'clk'
Slack : -1.325
TNS   : -43.307

Type  : Slow 1100mV 85C Model Removal 'clk'
Slack : 1.180
TNS   : 0.000

Type  : Slow 1100mV 85C Model Minimum Pulse Width 'clk'
Slack : -4.555
TNS   : -127061.702

Type  : Slow 1100mV 0C Model Setup 'clk'
Slack : -11.538
TNS   : -109370.729

Type  : Slow 1100mV 0C Model Hold 'clk'
Slack : 0.478
TNS   : 0.000

Type  : Slow 1100mV 0C Model Recovery 'clk'
Slack : -1.266
TNS   : -40.958

Type  : Slow 1100mV 0C Model Removal 'clk'
Slack : 1.135
TNS   : 0.000

Type  : Slow 1100mV 0C Model Minimum Pulse Width 'clk'
Slack : -4.555
TNS   : -126978.563

Type  : Fast 1100mV 85C Model Setup 'clk'
Slack : -4.713
TNS   : -44217.639

Type  : Fast 1100mV 85C Model Hold 'clk'
Slack : 0.183
TNS   : 0.000

Type  : Fast 1100mV 85C Model Recovery 'clk'
Slack : 0.110
TNS   : 0.000

Type  : Fast 1100mV 85C Model Removal 'clk'
Slack : 0.456
TNS   : 0.000

Type  : Fast 1100mV 85C Model Minimum Pulse Width 'clk'
Slack : -2.636
TNS   : -78117.620

Type  : Fast 1100mV 0C Model Setup 'clk'
Slack : -4.037
TNS   : -36101.994

Type  : Fast 1100mV 0C Model Hold 'clk'
Slack : 0.175
TNS   : 0.000

Type  : Fast 1100mV 0C Model Recovery 'clk'
Slack : 0.167
TNS   : 0.000

Type  : Fast 1100mV 0C Model Removal 'clk'
Slack : 0.414
TNS   : 0.000

Type  : Fast 1100mV 0C Model Minimum Pulse Width 'clk'
Slack : -2.636
TNS   : -78140.537

------------------------------------------------------------
